=== [START] Feature extraction job 8352940 at Sun May 10 03:30:01 EDT 2026 on gl007.hpc.nyu.edu ===
Detected gpus, using --nv:
NVIDIA L40S


hello :) your python: /ext3/miniconda3/envs/py311/bin/python
Python 3.11.15
[DEBUG] 2026-05-10 03:30:58 Script started
[DEBUG] 2026-05-10 03:30:58 torch.__version__ = 2.2.0+cu121
[DEBUG] 2026-05-10 03:30:58 torch.version.cuda = 12.1
[DEBUG] 2026-05-10 03:30:58 CUDA_VISIBLE_DEVICES = 0
[DEBUG] 2026-05-10 03:30:58 nvidia-smi: NVIDIA L40S, 580.82.07
[DEBUG] 2026-05-10 03:30:58 Waiting for GPU via safe probe (probe_timeout=30s, max_wait=600s, interval=5s)
[DEBUG] 2026-05-10 03:31:15 CUDA available = True
[DEBUG] 2026-05-10 03:31:15 CUDA device_count = 1
[DEBUG] 2026-05-10 03:31:15 CUDA device_0 = NVIDIA L40S
Device used: cuda
[DEBUG] 2026-05-10 03:31:15 Enabled torch.backends.cudnn.benchmark=True
[DEBUG] 2026-05-10 03:31:15 Starting main()
[DEBUG] 2026-05-10 03:31:15 Params updated from args
Experiment Parameters:
	modality: audio
	net_type: wavelet_test
	root_dir: DCASE2025_SELD_dataset
	feat_dir: DCASE2025_SELD_dataset/mel64_dnorm
	log_dir: logs
	checkpoints_dir: checkpoints
	output_dir: outputs
	sampling_rate: 24000
	hop_length_s: 0.0125
	nb_mels: 128
	max_freq: 2000
	use_wavelet: True
	wavelet: morl
	n_wavelet_scales: 128
	fps: 10
	resnet_feature_size: 49
	nb_conv_blocks: 3
	nb_conv_filters: 64
	f_pool_size: [4, 4, 2]
	t_pool_size: [2, 2, 2]
	dropout: 0.05
	rnn_size: 128
	nb_rnn_layers: 2
	nb_self_attn_layers: 2
	nb_attn_heads: 8
	nb_fnn_layers: 1
	fnn_size: 128
	max_polyphony: 3
	nb_classes: 13
	label_sequence_length: 50
	multiACCDOA: True
	thresh_unify: 30
	nb_epochs: 100
	batch_size: 64
	accum_batch: 64
	nb_workers: 12
	shuffle: True
	persistent_workers: True
	prefetch_factor: 4
	finetune: False
	learning_rate: 0.001
	weight_decay: 0.0001
	dev_train_folds: ['fold3', 'fold5', 'fold6']
	dev_test_folds: ['fold4']
	average: macro
	segment_based_metrics: False
	sed_thresh: 0.5
	lad_doa_thresh: 20
	lad_dist_thresh: inf
	lad_reldist_thresh: 1.0
	lad_req_onscreen: False
	use_jackknife: False
	dnorm: True
	d_mean: 1.9242867099100318
	d_std: 0.663059233462568
	d_max: 7.685155462626762
	project: Task3
	exp: wavelet_test
	model: seldnet
	val_batch: 32
	full: False
	scheduler: one
	val_freq: 2
	cutout: False
	freqshift: False
	filtaug: False
	compfreq: False
	alltrans: False
	itfm: False
	ms: False
	gamma: False
	ipd: False
	iv: False
	slite: False
[DEBUG] 2026-05-10 03:31:15 Using nb_workers=12
Saving best model in: checkpoints/wavelet_test_audio_multiACCDOA_20260510_033115
[DEBUG] 2026-05-10 03:31:15 Directories and summary writer set up
[DEBUG] 2026-05-10 03:31:15 Feature directory: DCASE2025_SELD_dataset/mel128_wavelet_dnorm
Feature Extraction Params:
	Sampling Rate: 24000
	Hop_Length: 300
	Win_Length: 1024
	N_FFT: 1024
	N_Mels: 128
	IPD Max Frequency: 2000
Loading features from: DCASE2025_SELD_dataset/mel128_wavelet_dnorm
[DEBUG] 2026-05-10 03:31:15 FeatureExtractor created
Processing 46214 audio files (dev) ━━━━━━━━━━━━━━━━━━━━━━━━━━━━━━━━ 100% 0:00:00
[DEBUG] 2026-05-10 03:32:13 Features extracted
Processing 46214 label files (dev) ━━━━━━━━━━━━━━━━━━━━━━━━━━━━━━━━ 100% 0:00:00
[DEBUG] 2026-05-10 03:33:11 Labels extracted
Loaded scaler(s) from DCASE2025_SELD_dataset/mel128_wavelet_dnorm/scaler_dev.pkl, skipping fitting scalers!
Normalizing features... ━━━━━━━━━━━━━━━━━━━━━━━━━━━━━━━━━━━━━━━━ 100% 0:00:00
Normalized features have been saved to DCASE2025_SELD_dataset/mel128_wavelet_dnorm/stereo_dev_normalized
[DEBUG] 2026-05-10 03:34:03 Features preprocessed
[DEBUG] 2026-05-10 03:34:03 Augmentations set up
[DEBUG] 2026-05-10 03:34:05 dev_train_dataset created
[DEBUG] 2026-05-10 03:34:05 dev_train_iterator created
[DEBUG] 2026-05-10 03:34:05 dev_test_dataset created
[DEBUG] 2026-05-10 03:34:05 dev_test_iterator created
[DEBUG] 2026-05-10 03:34:21 First batch loaded from dev_train_iterator
Number of batches: 507
In Shape: torch.Size([64, 2, 400, 128])	Out Shape: torch.Size([64, 50, 6, 4, 13])
[DEBUG] 2026-05-10 03:34:21 Setting up model, loss, and metrics
Using SELDNet!
==========================================================================================
Layer (type:depth-idx)                   Output Shape              Param #
==========================================================================================
SELDModel                                [64, 50, 117]             --
├─ModuleList: 1-1                        --                        --
│    └─ConvBlock: 2-1                    [64, 64, 200, 32]         --
│    │    └─Conv2d: 3-1                  [64, 64, 400, 128]        1,152
│    │    └─BatchNorm2d: 3-2             [64, 64, 400, 128]        128
│    │    └─MaxPool2d: 3-3               [64, 64, 200, 32]         --
│    │    └─Dropout: 3-4                 [64, 64, 200, 32]         --
│    └─ConvBlock: 2-2                    [64, 64, 100, 8]          --
│    │    └─Conv2d: 3-5                  [64, 64, 200, 32]         36,864
│    │    └─BatchNorm2d: 3-6             [64, 64, 200, 32]         128
│    │    └─MaxPool2d: 3-7               [64, 64, 100, 8]          --
│    │    └─Dropout: 3-8                 [64, 64, 100, 8]          --
│    └─ConvBlock: 2-3                    [64, 64, 50, 4]           --
│    │    └─Conv2d: 3-9                  [64, 64, 100, 8]          36,864
│    │    └─BatchNorm2d: 3-10            [64, 64, 100, 8]          128
│    │    └─MaxPool2d: 3-11              [64, 64, 50, 4]           --
│    │    └─Dropout: 3-12                [64, 64, 50, 4]           --
├─GRU: 1-2                               [64, 50, 256]             592,896
├─ModuleList: 1-5                        --                        (recursive)
│    └─MultiheadAttention: 2-4           [64, 50, 128]             66,048
├─ModuleList: 1-6                        --                        (recursive)
│    └─LayerNorm: 2-5                    [64, 50, 128]             256
├─ModuleList: 1-5                        --                        (recursive)
│    └─MultiheadAttention: 2-6           [64, 50, 128]             66,048
├─ModuleList: 1-6                        --                        (recursive)
│    └─LayerNorm: 2-7                    [64, 50, 128]             256
├─ModuleList: 1-7                        --                        --
│    └─Linear: 2-8                       [64, 50, 128]             16,512
│    └─Dropout: 2-9                      [64, 50, 128]             --
│    └─Linear: 2-10                      [64, 50, 117]             15,093
==========================================================================================
Total params: 832,373
Trainable params: 832,373
Non-trainable params: 0
Total mult-adds (Units.GIGABYTES): 22.66
==========================================================================================
Input size (MB): 26.21
Forward/backward pass size (MB): 3846.68
Params size (MB): 2.80
Estimated Total Size (MB): 3875.70
==========================================================================================
MACC:	 	 22.661 G
Memory:	 	 0.832 M

Metrics are set up!
[DEBUG] 2026-05-10 03:39:05 Model, loss, and metrics set up
[DEBUG] 2026-05-10 03:39:05 Setting up optimizer and scheduler
Using Adam with Weight Decay optimizer (Peak LR: 0.001, WD: 0.0001)
OneCycleLR scheduler used (Total Number of Steps: 50700.0)
Distance Normalized: True
ITFM: False
Cutout: False
Freqshift: False
FiltAug: False
CompFreq: False
AllAug: False

[DEBUG] 2026-05-10 03:39:09 Scheduler set up
[DEBUG] 2026-05-10 03:39:09 Initializing wandb
[DEBUG] 2026-05-10 03:39:09 wandb initialized and watching model
[DEBUG] 2026-05-10 03:39:09 Starting training loop
[DEBUG] 2026-05-10 03:39:09 Epoch 1: Training epoch started

[DEBUG] 2026-05-10 03:39:46 Epoch 1: Training epoch finished
[DEBUG] 2026-05-10 03:39:46 Epoch 1: Validation started

[DEBUG] 2026-05-10 03:43:41 Epoch 1: Validation finished
[DEBUG] 2026-05-10 03:43:41 Epoch 1: Model improved and saved
Epoch 1/100 | LR: 4.26e-05 | Time: 37/235 | Loss: 0.0278 | F1: 0.012 | LE: 34.71 | DE: 52.69 | RDE: 0.340 | Best: 1 (0.01)
[DEBUG] 2026-05-10 03:43:41 Epoch 2: Training epoch started

[DEBUG] 2026-05-10 03:44:06 Epoch 2: Training epoch finished
Epoch 2/100 | LR: 5.05e-05 | Time: 25/235 | Loss: 0.0224 | F1: 0.012 | LE: 34.71 | DE: 52.69 | RDE: 0.340 | Best: 1 (0.01)
[DEBUG] 2026-05-10 03:44:06 Epoch 3: Training epoch started

[DEBUG] 2026-05-10 03:44:31 Epoch 3: Training epoch finished
[DEBUG] 2026-05-10 03:44:31 Epoch 3: Validation started

[DEBUG] 2026-05-10 03:49:27 Epoch 3: Validation finished
[DEBUG] 2026-05-10 03:49:27 Epoch 3: Model improved and saved
Epoch 3/100 | LR: 6.35e-05 | Time: 24/296 | Loss: 0.0189 | F1: 8.496 | LE: 19.92 | DE: 58.45 | RDE: 0.397 | Best: 3 (8.50)
[DEBUG] 2026-05-10 03:49:27 Epoch 4: Training epoch started

[DEBUG] 2026-05-10 03:49:51 Epoch 4: Training epoch finished
Epoch 4/100 | LR: 8.15e-05 | Time: 24/296 | Loss: 0.0154 | F1: 8.496 | LE: 19.92 | DE: 58.45 | RDE: 0.397 | Best: 3 (8.50)
[DEBUG] 2026-05-10 03:49:51 Epoch 5: Training epoch started

[DEBUG] 2026-05-10 03:50:16 Epoch 5: Training epoch finished
[DEBUG] 2026-05-10 03:50:16 Epoch 5: Validation started

[DEBUG] 2026-05-10 03:55:20 Epoch 5: Validation finished
[DEBUG] 2026-05-10 03:55:20 Epoch 5: Model improved and saved
Epoch 5/100 | LR: 1.04e-04 | Time: 24/304 | Loss: 0.0133 | F1: 10.928 | LE: 21.30 | DE: 57.65 | RDE: 0.394 | Best: 5 (10.93)
[DEBUG] 2026-05-10 03:55:20 Epoch 6: Training epoch started

[DEBUG] 2026-05-10 03:55:46 Epoch 6: Training epoch finished
Epoch 6/100 | LR: 1.32e-04 | Time: 27/304 | Loss: 0.0119 | F1: 10.928 | LE: 21.30 | DE: 57.65 | RDE: 0.394 | Best: 5 (10.93)
[DEBUG] 2026-05-10 03:55:46 Epoch 7: Training epoch started

[DEBUG] 2026-05-10 03:56:12 Epoch 7: Training epoch finished
[DEBUG] 2026-05-10 03:56:12 Epoch 7: Validation started

[DEBUG] 2026-05-10 04:01:21 Epoch 7: Validation finished
[DEBUG] 2026-05-10 04:01:21 Epoch 7: Model improved and saved
Epoch 7/100 | LR: 1.63e-04 | Time: 25/309 | Loss: 0.0107 | F1: 11.105 | LE: 20.73 | DE: 56.76 | RDE: 0.389 | Best: 7 (11.10)
[DEBUG] 2026-05-10 04:01:21 Epoch 8: Training epoch started

[DEBUG] 2026-05-10 04:01:45 Epoch 8: Training epoch finished
Epoch 8/100 | LR: 1.99e-04 | Time: 25/309 | Loss: 0.0099 | F1: 11.105 | LE: 20.73 | DE: 56.76 | RDE: 0.389 | Best: 7 (11.10)
[DEBUG] 2026-05-10 04:01:45 Epoch 9: Training epoch started

[DEBUG] 2026-05-10 04:02:09 Epoch 9: Training epoch finished
[DEBUG] 2026-05-10 04:02:09 Epoch 9: Validation started

[DEBUG] 2026-05-10 04:07:12 Epoch 9: Validation finished
[DEBUG] 2026-05-10 04:07:12 Epoch 9: Model improved and saved
Epoch 9/100 | LR: 2.38e-04 | Time: 23/303 | Loss: 0.0092 | F1: 12.232 | LE: 19.30 | DE: 64.04 | RDE: 0.377 | Best: 9 (12.23)
[DEBUG] 2026-05-10 04:07:12 Epoch 10: Training epoch started

[DEBUG] 2026-05-10 04:07:36 Epoch 10: Training epoch finished
Epoch 10/100 | LR: 2.80e-04 | Time: 24/303 | Loss: 0.0086 | F1: 12.232 | LE: 19.30 | DE: 64.04 | RDE: 0.377 | Best: 9 (12.23)
[DEBUG] 2026-05-10 04:07:36 Epoch 11: Training epoch started

[DEBUG] 2026-05-10 04:08:00 Epoch 11: Training epoch finished
[DEBUG] 2026-05-10 04:08:00 Epoch 11: Validation started

[DEBUG] 2026-05-10 04:13:10 Epoch 11: Validation finished
[DEBUG] 2026-05-10 04:13:10 Epoch 11: Model improved and saved
Epoch 11/100 | LR: 3.25e-04 | Time: 24/310 | Loss: 0.0081 | F1: 12.694 | LE: 20.07 | DE: 58.22 | RDE: 0.356 | Best: 11 (12.69)
[DEBUG] 2026-05-10 04:13:10 Epoch 12: Training epoch started

[DEBUG] 2026-05-10 04:13:35 Epoch 12: Training epoch finished
Epoch 12/100 | LR: 3.72e-04 | Time: 25/310 | Loss: 0.0077 | F1: 12.694 | LE: 20.07 | DE: 58.22 | RDE: 0.356 | Best: 11 (12.69)
[DEBUG] 2026-05-10 04:13:35 Epoch 13: Training epoch started

[DEBUG] 2026-05-10 04:14:00 Epoch 13: Training epoch finished
[DEBUG] 2026-05-10 04:14:00 Epoch 13: Validation started

[DEBUG] 2026-05-10 04:19:14 Epoch 13: Validation finished
[DEBUG] 2026-05-10 04:19:14 Epoch 13: Model improved and saved
Epoch 13/100 | LR: 4.20e-04 | Time: 25/315 | Loss: 0.0073 | F1: 13.809 | LE: 20.42 | DE: 55.15 | RDE: 0.356 | Best: 13 (13.81)
[DEBUG] 2026-05-10 04:19:14 Epoch 14: Training epoch started

[DEBUG] 2026-05-10 04:19:40 Epoch 14: Training epoch finished
Epoch 14/100 | LR: 4.70e-04 | Time: 25/315 | Loss: 0.0069 | F1: 13.809 | LE: 20.42 | DE: 55.15 | RDE: 0.356 | Best: 13 (13.81)
[DEBUG] 2026-05-10 04:19:40 Epoch 15: Training epoch started

[DEBUG] 2026-05-10 04:20:05 Epoch 15: Training epoch finished
[DEBUG] 2026-05-10 04:20:05 Epoch 15: Validation started

[DEBUG] 2026-05-10 04:25:17 Epoch 15: Validation finished
[DEBUG] 2026-05-10 04:25:17 Epoch 15: Model improved and saved
Epoch 15/100 | LR: 5.20e-04 | Time: 25/313 | Loss: 0.0066 | F1: 15.172 | LE: 21.02 | DE: 52.70 | RDE: 0.322 | Best: 15 (15.17)
[DEBUG] 2026-05-10 04:25:18 Epoch 16: Training epoch started

[DEBUG] 2026-05-10 04:25:44 Epoch 16: Training epoch finished
Epoch 16/100 | LR: 5.70e-04 | Time: 26/313 | Loss: 0.0062 | F1: 15.172 | LE: 21.02 | DE: 52.70 | RDE: 0.322 | Best: 15 (15.17)
[DEBUG] 2026-05-10 04:25:44 Epoch 17: Training epoch started

[DEBUG] 2026-05-10 04:26:08 Epoch 17: Training epoch finished
[DEBUG] 2026-05-10 04:26:08 Epoch 17: Validation started

[DEBUG] 2026-05-10 04:31:22 Epoch 17: Validation finished
[DEBUG] 2026-05-10 04:31:22 Epoch 17: Model improved and saved
Epoch 17/100 | LR: 6.20e-04 | Time: 24/314 | Loss: 0.0059 | F1: 15.812 | LE: 21.71 | DE: 56.54 | RDE: 0.358 | Best: 17 (15.81)
[DEBUG] 2026-05-10 04:31:22 Epoch 18: Training epoch started

[DEBUG] 2026-05-10 04:31:48 Epoch 18: Training epoch finished
Epoch 18/100 | LR: 6.68e-04 | Time: 26/314 | Loss: 0.0056 | F1: 15.812 | LE: 21.71 | DE: 56.54 | RDE: 0.358 | Best: 17 (15.81)
[DEBUG] 2026-05-10 04:31:48 Epoch 19: Training epoch started

[DEBUG] 2026-05-10 04:32:14 Epoch 19: Training epoch finished
[DEBUG] 2026-05-10 04:32:14 Epoch 19: Validation started

[DEBUG] 2026-05-10 04:37:35 Epoch 19: Validation finished
[DEBUG] 2026-05-10 04:37:35 Epoch 19: Model improved and saved
Epoch 19/100 | LR: 7.15e-04 | Time: 26/321 | Loss: 0.0054 | F1: 17.797 | LE: 19.88 | DE: 55.40 | RDE: 0.343 | Best: 19 (17.80)
[DEBUG] 2026-05-10 04:37:35 Epoch 20: Training epoch started

[DEBUG] 2026-05-10 04:38:01 Epoch 20: Training epoch finished
Epoch 20/100 | LR: 7.60e-04 | Time: 25/321 | Loss: 0.0052 | F1: 17.797 | LE: 19.88 | DE: 55.40 | RDE: 0.343 | Best: 19 (17.80)
[DEBUG] 2026-05-10 04:38:01 Epoch 21: Training epoch started

[DEBUG] 2026-05-10 04:38:25 Epoch 21: Training epoch finished
[DEBUG] 2026-05-10 04:38:25 Epoch 21: Validation started

[DEBUG] 2026-05-10 04:43:39 Epoch 21: Validation finished
[DEBUG] 2026-05-10 04:43:39 Epoch 21: Model improved and saved
Epoch 21/100 | LR: 8.02e-04 | Time: 25/313 | Loss: 0.0050 | F1: 19.442 | LE: 19.92 | DE: 51.29 | RDE: 0.315 | Best: 21 (19.44)
[DEBUG] 2026-05-10 04:43:39 Epoch 22: Training epoch started

[DEBUG] 2026-05-10 04:44:04 Epoch 22: Training epoch finished
Epoch 22/100 | LR: 8.41e-04 | Time: 25/313 | Loss: 0.0048 | F1: 19.442 | LE: 19.92 | DE: 51.29 | RDE: 0.315 | Best: 21 (19.44)
[DEBUG] 2026-05-10 04:44:04 Epoch 23: Training epoch started

[DEBUG] 2026-05-10 04:44:29 Epoch 23: Training epoch finished
[DEBUG] 2026-05-10 04:44:29 Epoch 23: Validation started

[DEBUG] 2026-05-10 04:49:57 Epoch 23: Validation finished
Epoch 23/100 | LR: 8.77e-04 | Time: 26/328 | Loss: 0.0045 | F1: 16.456 | LE: 20.74 | DE: 62.44 | RDE: 0.361 | Best: 21 (19.44)
[DEBUG] 2026-05-10 04:49:57 Epoch 24: Training epoch started

[DEBUG] 2026-05-10 04:50:23 Epoch 24: Training epoch finished
Epoch 24/100 | LR: 9.08e-04 | Time: 26/328 | Loss: 0.0044 | F1: 16.456 | LE: 20.74 | DE: 62.44 | RDE: 0.361 | Best: 21 (19.44)
[DEBUG] 2026-05-10 04:50:23 Epoch 25: Training epoch started

[DEBUG] 2026-05-10 04:50:48 Epoch 25: Training epoch finished
[DEBUG] 2026-05-10 04:50:48 Epoch 25: Validation started

[DEBUG] 2026-05-10 04:56:07 Epoch 25: Validation finished
Epoch 25/100 | LR: 9.36e-04 | Time: 25/319 | Loss: 0.0042 | F1: 17.719 | LE: 20.11 | DE: 53.36 | RDE: 0.336 | Best: 21 (19.44)
[DEBUG] 2026-05-10 04:56:07 Epoch 26: Training epoch started

[DEBUG] 2026-05-10 04:56:34 Epoch 26: Training epoch finished
Epoch 26/100 | LR: 9.59e-04 | Time: 26/319 | Loss: 0.0041 | F1: 17.719 | LE: 20.11 | DE: 53.36 | RDE: 0.336 | Best: 21 (19.44)
[DEBUG] 2026-05-10 04:56:34 Epoch 27: Training epoch started

[DEBUG] 2026-05-10 04:57:00 Epoch 27: Training epoch finished
[DEBUG] 2026-05-10 04:57:00 Epoch 27: Validation started

[DEBUG] 2026-05-10 05:02:17 Epoch 27: Validation finished
Epoch 27/100 | LR: 9.77e-04 | Time: 26/317 | Loss: 0.0039 | F1: 18.589 | LE: 19.15 | DE: 55.86 | RDE: 0.341 | Best: 21 (19.44)
[DEBUG] 2026-05-10 05:02:17 Epoch 28: Training epoch started

[DEBUG] 2026-05-10 05:02:42 Epoch 28: Training epoch finished
Epoch 28/100 | LR: 9.90e-04 | Time: 25/317 | Loss: 0.0038 | F1: 18.589 | LE: 19.15 | DE: 55.86 | RDE: 0.341 | Best: 21 (19.44)
[DEBUG] 2026-05-10 05:02:42 Epoch 29: Training epoch started

[DEBUG] 2026-05-10 05:03:07 Epoch 29: Training epoch finished
[DEBUG] 2026-05-10 05:03:07 Epoch 29: Validation started

[DEBUG] 2026-05-10 05:08:20 Epoch 29: Validation finished
Epoch 29/100 | LR: 9.97e-04 | Time: 25/313 | Loss: 0.0037 | F1: 18.815 | LE: 19.74 | DE: 54.80 | RDE: 0.335 | Best: 21 (19.44)
[DEBUG] 2026-05-10 05:08:20 Epoch 30: Training epoch started

[DEBUG] 2026-05-10 05:08:46 Epoch 30: Training epoch finished
Epoch 30/100 | LR: 1.00e-03 | Time: 26/313 | Loss: 0.0036 | F1: 18.815 | LE: 19.74 | DE: 54.80 | RDE: 0.335 | Best: 21 (19.44)
[DEBUG] 2026-05-10 05:08:46 Epoch 31: Training epoch started

[DEBUG] 2026-05-10 05:09:10 Epoch 31: Training epoch finished
[DEBUG] 2026-05-10 05:09:10 Epoch 31: Validation started

[DEBUG] 2026-05-10 05:14:24 Epoch 31: Validation finished
Epoch 31/100 | LR: 9.99e-04 | Time: 24/314 | Loss: 0.0035 | F1: 17.446 | LE: 18.88 | DE: 62.97 | RDE: 0.358 | Best: 21 (19.44)
[DEBUG] 2026-05-10 05:14:24 Epoch 32: Training epoch started

[DEBUG] 2026-05-10 05:14:48 Epoch 32: Training epoch finished
Epoch 32/100 | LR: 9.98e-04 | Time: 24/314 | Loss: 0.0033 | F1: 17.446 | LE: 18.88 | DE: 62.97 | RDE: 0.358 | Best: 21 (19.44)
[DEBUG] 2026-05-10 05:14:48 Epoch 33: Training epoch started

[DEBUG] 2026-05-10 05:15:12 Epoch 33: Training epoch finished
[DEBUG] 2026-05-10 05:15:12 Epoch 33: Validation started

[DEBUG] 2026-05-10 05:20:35 Epoch 33: Validation finished
Epoch 33/100 | LR: 9.95e-04 | Time: 24/323 | Loss: 0.0033 | F1: 18.865 | LE: 19.08 | DE: 57.13 | RDE: 0.354 | Best: 21 (19.44)
[DEBUG] 2026-05-10 05:20:35 Epoch 34: Training epoch started

[DEBUG] 2026-05-10 05:21:01 Epoch 34: Training epoch finished
Epoch 34/100 | LR: 9.92e-04 | Time: 26/323 | Loss: 0.0031 | F1: 18.865 | LE: 19.08 | DE: 57.13 | RDE: 0.354 | Best: 21 (19.44)
[DEBUG] 2026-05-10 05:21:01 Epoch 35: Training epoch started

[DEBUG] 2026-05-10 05:21:26 Epoch 35: Training epoch finished
[DEBUG] 2026-05-10 05:21:26 Epoch 35: Validation started

[DEBUG] 2026-05-10 05:26:42 Epoch 35: Validation finished
Epoch 35/100 | LR: 9.87e-04 | Time: 25/316 | Loss: 0.0031 | F1: 18.879 | LE: 18.94 | DE: 54.93 | RDE: 0.337 | Best: 21 (19.44)
[DEBUG] 2026-05-10 05:26:42 Epoch 36: Training epoch started

[DEBUG] 2026-05-10 05:27:06 Epoch 36: Training epoch finished
Epoch 36/100 | LR: 9.82e-04 | Time: 24/316 | Loss: 0.0030 | F1: 18.879 | LE: 18.94 | DE: 54.93 | RDE: 0.337 | Best: 21 (19.44)
[DEBUG] 2026-05-10 05:27:06 Epoch 37: Training epoch started

[DEBUG] 2026-05-10 05:27:29 Epoch 37: Training epoch finished
[DEBUG] 2026-05-10 05:27:29 Epoch 37: Validation started

[DEBUG] 2026-05-10 05:32:44 Epoch 37: Validation finished
Epoch 37/100 | LR: 9.76e-04 | Time: 23/314 | Loss: 0.0029 | F1: 19.424 | LE: 18.68 | DE: 55.51 | RDE: 0.329 | Best: 21 (19.44)
[DEBUG] 2026-05-10 05:32:44 Epoch 38: Training epoch started

[DEBUG] 2026-05-10 05:33:10 Epoch 38: Training epoch finished
Epoch 38/100 | LR: 9.68e-04 | Time: 26/314 | Loss: 0.0028 | F1: 19.424 | LE: 18.68 | DE: 55.51 | RDE: 0.329 | Best: 21 (19.44)
[DEBUG] 2026-05-10 05:33:10 Epoch 39: Training epoch started

[DEBUG] 2026-05-10 05:33:35 Epoch 39: Training epoch finished
[DEBUG] 2026-05-10 05:33:35 Epoch 39: Validation started
